{
  "train_nulls": {
    "search_query": 0,
    "search_location_id": 0,
    "search_is_delivery_search": 0,
    "search_infm_params_text": 0,
    "search_category": 0,
    "item_id": 0,
    "item_location_id": 0,
    "item_category_id": 0,
    "item_microcat_id": 0,
    "normalized_query": 0
  },
  "queries_nulls": {
    "query_id": 0,
    "search_query": 0,
    "search_location_id": 0,
    "search_is_delivery_search": 0,
    "search_infm_params_text": 0,
    "search_category": 0,
    "normalized_query": 0
  },
  "unique_train_items": 344825,
  "unique_corpus_items": 189212,
  "unique_train_texts": 73873,
  "unique_benchmark_texts": 2451,
  "unique_train_contexts": 354463,
  "unique_benchmark_contexts": 2452,
  "unique_context_item_pairs": 467054,
  "train_rows_in_corpus": 33010,
  "train_items_in_corpus": 18142,
  "corpus_items_seen_in_train": 0.09588186795763483,
  "benchmark_seen_text_fraction": 0.3735725938009788,
  "benchmark_seen_context_fraction": 0.04404567699836868,
  "train_search_item_same_location": 0.8310195650557696,
  "items_per_context_quantiles": {
    "0.0": 1.0,
    "0.25": 1.0,
    "0.5": 1.0,
    "0.75": 1.0,
    "0.9": 2.0,
    "0.99": 6.0,
    "1.0": 278.0
  },
  "search_categories_train": {
    "114": 497635,
    "0": 34,
    "81": 2,
    "10": 2
  },
  "search_categories_benchmark": {
    "114": 2230,
    "0": 222
  },
  "top_query_texts": {
    "маникюр": 6540,
    "массаж": 5702,
    "наращивание ресниц": 5397,
    "установка кондиционеров": 4576,
    "педикюр": 3436,
    "сантехник": 3405,
    "вывоз мусора": 3288,
    "эвакуатор": 3263,
    "электрик": 3158,
    "автоэлектрик": 2790,
    "покос травы": 2484,
    "вспашка земли": 2316,
    "манипулятор": 2120,
    "грузоперевозки газель": 2034,
    "натяжные потолки": 2004,
    "наращивание ногтей": 1902,
    "торты на заказ": 1682,
    "тонировка": 1644,
    "поклейка обоев": 1611,
    "грузчики": 1540,
    "покраска авто": 1510,
    "грузоперевозки": 1492,
    "установка межкомнатных дверей": 1443,
    "заправка кондиционера": 1408,
    "выкуп авто": 1331,
    "автоподбор": 1321,
    "тонировка авто": 1318,
    "фотограф": 1284,
    "вскрытие замков": 1257,
    "ремонт квартир": 1243,
    "муж на час": 1224,
    "наращивание волос": 1210,
    "услуги эвакуатора": 1202,
    "плиточник": 1174,
    "бурение скважин": 1116,
    "клининг": 1101,
    "инструктор по вождению": 1067,
    "ремонт телефонов": 1042,
    "увеличение губ": 1015,
    "ремонт телевизоров": 963
  }
}
