Loading weights:   0%|          | 0/199 [00:00<?, ?it/s]Loading weights: 100%|██████████| 199/199 [00:00<00:00, 25617.41it/s]
items: 512/195,125, 161.0 строк/с, осталось 20.1 мин
items: 1,024/195,125, 167.5 строк/с, осталось 19.3 мин
items: 1,536/195,125, 169.2 строк/с, осталось 19.1 мин
items: 2,048/195,125, 170.6 строк/с, осталось 18.9 мин
items: 2,560/195,125, 171.5 строк/с, осталось 18.7 мин
items: 3,072/195,125, 171.8 строк/с, осталось 18.6 мин
items: 3,584/195,125, 172.0 строк/с, осталось 18.6 мин
items: 4,096/195,125, 172.5 строк/с, осталось 18.5 мин
items: 4,608/195,125, 172.4 строк/с, осталось 18.4 мин
items: 5,120/195,125, 172.4 строк/с, осталось 18.4 мин
items: 5,632/195,125, 172.4 строк/с, осталось 18.3 мин
items: 6,144/195,125, 172.5 строк/с, осталось 18.3 мин
items: 6,656/195,125, 172.2 строк/с, осталось 18.2 мин
items: 7,168/195,125, 171.9 строк/с, осталось 18.2 мин
items: 7,680/195,125, 171.2 строк/с, осталось 18.2 мин
items: 8,192/195,125, 171.0 строк/с, осталось 18.2 мин
items: 8,704/195,125, 170.9 строк/с, осталось 18.2 мин
items: 9,216/195,125, 170.8 строк/с, осталось 18.1 мин
items: 9,728/195,125, 170.6 строк/с, осталось 18.1 мин
items: 10,240/195,125, 170.6 строк/с, осталось 18.1 мин
items: 10,752/195,125, 170.4 строк/с, осталось 18.0 мин
items: 11,264/195,125, 170.2 строк/с, осталось 18.0 мин
items: 11,776/195,125, 170.1 строк/с, осталось 18.0 мин
items: 12,288/195,125, 170.1 строк/с, осталось 17.9 мин
items: 12,800/195,125, 170.0 строк/с, осталось 17.9 мин
items: 13,312/195,125, 170.0 строк/с, осталось 17.8 мин
items: 13,824/195,125, 170.1 строк/с, осталось 17.8 мин
items: 14,336/195,125, 170.0 строк/с, осталось 17.7 мин
items: 14,848/195,125, 169.8 строк/с, осталось 17.7 мин
items: 15,360/195,125, 169.8 строк/с, осталось 17.6 мин
items: 15,872/195,125, 169.6 строк/с, осталось 17.6 мин
items: 16,384/195,125, 169.6 строк/с, осталось 17.6 мин
items: 16,896/195,125, 169.4 строк/с, осталось 17.5 мин
items: 17,408/195,125, 169.4 строк/с, осталось 17.5 мин
items: 17,920/195,125, 169.4 строк/с, осталось 17.4 мин
items: 18,432/195,125, 169.5 строк/с, осталось 17.4 мин
items: 18,944/195,125, 169.5 строк/с, осталось 17.3 мин
items: 19,456/195,125, 169.6 строк/с, осталось 17.3 мин
items: 19,968/195,125, 169.6 строк/с, осталось 17.2 мин
items: 20,480/195,125, 169.7 строк/с, осталось 17.2 мин
items: 20,992/195,125, 169.7 строк/с, осталось 17.1 мин
items: 21,504/195,125, 169.7 строк/с, осталось 17.0 мин
items: 22,016/195,125, 169.8 строк/с, осталось 17.0 мин
items: 22,528/195,125, 169.8 строк/с, осталось 16.9 мин
items: 23,040/195,125, 169.9 строк/с, осталось 16.9 мин
items: 23,552/195,125, 169.9 строк/с, осталось 16.8 мин
items: 24,064/195,125, 170.0 строк/с, осталось 16.8 мин
items: 24,576/195,125, 170.1 строк/с, осталось 16.7 мин
items: 25,088/195,125, 170.2 строк/с, осталось 16.6 мин
items: 25,600/195,125, 170.3 строк/с, осталось 16.6 мин
items: 26,112/195,125, 170.4 строк/с, осталось 16.5 мин
items: 26,624/195,125, 170.5 строк/с, осталось 16.5 мин
items: 27,136/195,125, 170.5 строк/с, осталось 16.4 мин
items: 27,648/195,125, 170.6 строк/с, осталось 16.4 мин
items: 28,160/195,125, 170.7 строк/с, осталось 16.3 мин
items: 28,672/195,125, 170.8 строк/с, осталось 16.2 мин
items: 29,184/195,125, 170.8 строк/с, осталось 16.2 мин
items: 29,696/195,125, 170.9 строк/с, осталось 16.1 мин
items: 30,208/195,125, 171.0 строк/с, осталось 16.1 мин
items: 30,720/195,125, 171.0 строк/с, осталось 16.0 мин
items: 31,232/195,125, 171.0 строк/с, осталось 16.0 мин
items: 31,744/195,125, 171.0 строк/с, осталось 15.9 мин
items: 32,256/195,125, 171.0 строк/с, осталось 15.9 мин
items: 32,768/195,125, 171.0 строк/с, осталось 15.8 мин
items: 33,280/195,125, 171.0 строк/с, осталось 15.8 мин
items: 33,792/195,125, 171.1 строк/с, осталось 15.7 мин
items: 34,304/195,125, 171.0 строк/с, осталось 15.7 мин
items: 34,816/195,125, 171.1 строк/с, осталось 15.6 мин
items: 35,328/195,125, 171.1 строк/с, осталось 15.6 мин
items: 35,840/195,125, 171.1 строк/с, осталось 15.5 мин
items: 36,352/195,125, 171.2 строк/с, осталось 15.5 мин
items: 36,864/195,125, 171.2 строк/с, осталось 15.4 мин
items: 37,376/195,125, 171.2 строк/с, осталось 15.4 мин
items: 37,888/195,125, 171.3 строк/с, осталось 15.3 мин
items: 38,400/195,125, 171.2 строк/с, осталось 15.3 мин
items: 38,912/195,125, 171.2 строк/с, осталось 15.2 мин
items: 39,424/195,125, 171.3 строк/с, осталось 15.2 мин
items: 39,936/195,125, 171.3 строк/с, осталось 15.1 мин
items: 40,448/195,125, 171.3 строк/с, осталось 15.1 мин
items: 40,960/195,125, 171.3 строк/с, осталось 15.0 мин
items: 41,472/195,125, 171.3 строк/с, осталось 15.0 мин
items: 41,984/195,125, 171.3 строк/с, осталось 14.9 мин
items: 42,496/195,125, 171.3 строк/с, осталось 14.8 мин
items: 43,008/195,125, 171.3 строк/с, осталось 14.8 мин
items: 43,520/195,125, 171.4 строк/с, осталось 14.7 мин
items: 44,032/195,125, 171.4 строк/с, осталось 14.7 мин
items: 44,544/195,125, 171.4 строк/с, осталось 14.6 мин
items: 45,056/195,125, 171.4 строк/с, осталось 14.6 мин
items: 45,568/195,125, 171.5 строк/с, осталось 14.5 мин
items: 46,080/195,125, 171.5 строк/с, осталось 14.5 мин
items: 46,592/195,125, 171.5 строк/с, осталось 14.4 мин
items: 47,104/195,125, 171.5 строк/с, осталось 14.4 мин
items: 47,616/195,125, 171.6 строк/с, осталось 14.3 мин
items: 48,128/195,125, 171.6 строк/с, осталось 14.3 мин
items: 48,640/195,125, 171.5 строк/с, осталось 14.2 мин
items: 49,152/195,125, 171.5 строк/с, осталось 14.2 мин
items: 49,664/195,125, 171.5 строк/с, осталось 14.1 мин
items: 50,176/195,125, 171.4 строк/с, осталось 14.1 мин
items: 50,688/195,125, 171.3 строк/с, осталось 14.0 мин
items: 51,200/195,125, 171.2 строк/с, осталось 14.0 мин
items: 51,712/195,125, 171.1 строк/с, осталось 14.0 мин
items: 52,224/195,125, 171.0 строк/с, осталось 13.9 мин
items: 52,736/195,125, 170.9 строк/с, осталось 13.9 мин
items: 53,248/195,125, 170.8 строк/с, осталось 13.8 мин
items: 53,760/195,125, 170.7 строк/с, осталось 13.8 мин
items: 54,272/195,125, 170.5 строк/с, осталось 13.8 мин
items: 54,784/195,125, 170.3 строк/с, осталось 13.7 мин
items: 55,296/195,125, 170.1 строк/с, осталось 13.7 мин
items: 55,808/195,125, 170.0 строк/с, осталось 13.7 мин
items: 56,320/195,125, 169.9 строк/с, осталось 13.6 мин
items: 56,832/195,125, 169.8 строк/с, осталось 13.6 мин
items: 57,344/195,125, 169.8 строк/с, осталось 13.5 мин
items: 57,856/195,125, 169.7 строк/с, осталось 13.5 мин
items: 58,368/195,125, 169.6 строк/с, осталось 13.4 мин
items: 58,880/195,125, 169.6 строк/с, осталось 13.4 мин
items: 59,392/195,125, 169.6 строк/с, осталось 13.3 мин
items: 59,904/195,125, 169.6 строк/с, осталось 13.3 мин
items: 60,416/195,125, 169.5 строк/с, осталось 13.2 мин
items: 60,928/195,125, 169.5 строк/с, осталось 13.2 мин
items: 61,440/195,125, 169.5 строк/с, осталось 13.1 мин
items: 61,952/195,125, 169.5 строк/с, осталось 13.1 мин
items: 62,464/195,125, 169.5 строк/с, осталось 13.0 мин
items: 62,976/195,125, 169.5 строк/с, осталось 13.0 мин
items: 63,488/195,125, 169.4 строк/с, осталось 12.9 мин
items: 64,000/195,125, 169.4 строк/с, осталось 12.9 мин
items: 64,512/195,125, 169.4 строк/с, осталось 12.8 мин
items: 65,024/195,125, 169.4 строк/с, осталось 12.8 мин
items: 65,536/195,125, 169.4 строк/с, осталось 12.7 мин
items: 66,048/195,125, 169.4 строк/с, осталось 12.7 мин
items: 66,560/195,125, 169.4 строк/с, осталось 12.6 мин
items: 67,072/195,125, 169.4 строк/с, осталось 12.6 мин
items: 67,584/195,125, 169.3 строк/с, осталось 12.6 мин
items: 68,096/195,125, 169.3 строк/с, осталось 12.5 мин
items: 68,608/195,125, 169.3 строк/с, осталось 12.5 мин
items: 69,120/195,125, 169.2 строк/с, осталось 12.4 мин
items: 69,632/195,125, 169.1 строк/с, осталось 12.4 мин
items: 70,144/195,125, 169.0 строк/с, осталось 12.3 мин
items: 70,656/195,125, 169.0 строк/с, осталось 12.3 мин
items: 71,168/195,125, 168.9 строк/с, осталось 12.2 мин
items: 71,680/195,125, 168.9 строк/с, осталось 12.2 мин
items: 72,192/195,125, 168.8 строк/с, осталось 12.1 мин
items: 72,704/195,125, 168.8 строк/с, осталось 12.1 мин
items: 73,216/195,125, 168.7 строк/с, осталось 12.0 мин
items: 73,728/195,125, 168.6 строк/с, осталось 12.0 мин
items: 74,240/195,125, 168.6 строк/с, осталось 11.9 мин
items: 74,752/195,125, 168.6 строк/с, осталось 11.9 мин
items: 75,264/195,125, 168.6 строк/с, осталось 11.8 мин
items: 75,776/195,125, 168.7 строк/с, осталось 11.8 мин
items: 76,288/195,125, 168.7 строк/с, осталось 11.7 мин
items: 76,800/195,125, 168.7 строк/с, осталось 11.7 мин
items: 77,312/195,125, 168.6 строк/с, осталось 11.6 мин
items: 77,824/195,125, 168.6 строк/с, осталось 11.6 мин
items: 78,336/195,125, 168.7 строк/с, осталось 11.5 мин
items: 78,848/195,125, 168.7 строк/с, осталось 11.5 мин
items: 79,360/195,125, 168.7 строк/с, осталось 11.4 мин
items: 79,872/195,125, 168.7 строк/с, осталось 11.4 мин
items: 80,384/195,125, 168.7 строк/с, осталось 11.3 мин
items: 80,896/195,125, 168.7 строк/с, осталось 11.3 мин
items: 81,408/195,125, 168.7 строк/с, осталось 11.2 мин
items: 81,920/195,125, 168.7 строк/с, осталось 11.2 мин
items: 82,432/195,125, 168.7 строк/с, осталось 11.1 мин
items: 82,944/195,125, 168.7 строк/с, осталось 11.1 мин
items: 83,456/195,125, 168.7 строк/с, осталось 11.0 мин
items: 83,968/195,125, 168.7 строк/с, осталось 11.0 мин
items: 84,480/195,125, 168.7 строк/с, осталось 10.9 мин
items: 84,992/195,125, 168.7 строк/с, осталось 10.9 мин
items: 85,504/195,125, 168.7 строк/с, осталось 10.8 мин
items: 86,016/195,125, 168.7 строк/с, осталось 10.8 мин
items: 86,528/195,125, 168.8 строк/с, осталось 10.7 мин
items: 87,040/195,125, 168.8 строк/с, осталось 10.7 мин
items: 87,552/195,125, 168.8 строк/с, осталось 10.6 мин
items: 88,064/195,125, 168.9 строк/с, осталось 10.6 мин
items: 88,576/195,125, 168.9 строк/с, осталось 10.5 мин
items: 89,088/195,125, 168.9 строк/с, осталось 10.5 мин
items: 89,600/195,125, 168.9 строк/с, осталось 10.4 мин
items: 90,112/195,125, 168.9 строк/с, осталось 10.4 мин
items: 90,624/195,125, 169.0 строк/с, осталось 10.3 мин
items: 91,136/195,125, 169.0 строк/с, осталось 10.3 мин
items: 91,648/195,125, 169.1 строк/с, осталось 10.2 мин
items: 92,160/195,125, 169.1 строк/с, осталось 10.1 мин
items: 92,672/195,125, 169.1 строк/с, осталось 10.1 мин
items: 93,184/195,125, 169.2 строк/с, осталось 10.0 мин
items: 93,696/195,125, 169.2 строк/с, осталось 10.0 мин
items: 94,208/195,125, 169.2 строк/с, осталось 9.9 мин
items: 94,720/195,125, 169.3 строк/с, осталось 9.9 мин
items: 95,232/195,125, 169.3 строк/с, осталось 9.8 мин
items: 95,744/195,125, 169.3 строк/с, осталось 9.8 мин
items: 96,256/195,125, 169.3 строк/с, осталось 9.7 мин
items: 96,768/195,125, 169.4 строк/с, осталось 9.7 мин
items: 97,280/195,125, 169.4 строк/с, осталось 9.6 мин
items: 97,792/195,125, 169.4 строк/с, осталось 9.6 мин
items: 98,304/195,125, 169.5 строк/с, осталось 9.5 мин
items: 98,816/195,125, 169.5 строк/с, осталось 9.5 мин
items: 99,328/195,125, 169.5 строк/с, осталось 9.4 мин
items: 99,840/195,125, 169.5 строк/с, осталось 9.4 мин
items: 100,352/195,125, 169.5 строк/с, осталось 9.3 мин
items: 100,864/195,125, 169.6 строк/с, осталось 9.3 мин
items: 101,376/195,125, 169.6 строк/с, осталось 9.2 мин
items: 101,888/195,125, 169.6 строк/с, осталось 9.2 мин
items: 102,400/195,125, 169.7 строк/с, осталось 9.1 мин
items: 102,912/195,125, 169.7 строк/с, осталось 9.1 мин
items: 103,424/195,125, 169.7 строк/с, осталось 9.0 мин
items: 103,936/195,125, 169.7 строк/с, осталось 9.0 мин
items: 104,448/195,125, 169.7 строк/с, осталось 8.9 мин
items: 104,960/195,125, 169.7 строк/с, осталось 8.9 мин
items: 105,472/195,125, 169.6 строк/с, осталось 8.8 мин
items: 105,984/195,125, 169.6 строк/с, осталось 8.8 мин
items: 106,496/195,125, 169.4 строк/с, осталось 8.7 мин
items: 107,008/195,125, 169.4 строк/с, осталось 8.7 мин
items: 107,520/195,125, 169.3 строк/с, осталось 8.6 мин
items: 108,032/195,125, 169.2 строк/с, осталось 8.6 мин
items: 108,544/195,125, 169.2 строк/с, осталось 8.5 мин
items: 109,056/195,125, 169.1 строк/с, осталось 8.5 мин
items: 109,568/195,125, 169.0 строк/с, осталось 8.4 мин
items: 110,080/195,125, 169.0 строк/с, осталось 8.4 мин
items: 110,592/195,125, 168.9 строк/с, осталось 8.3 мин
items: 111,104/195,125, 168.9 строк/с, осталось 8.3 мин
items: 111,616/195,125, 168.8 строк/с, осталось 8.2 мин
items: 112,128/195,125, 168.8 строк/с, осталось 8.2 мин
items: 112,640/195,125, 168.7 строк/с, осталось 8.2 мин
items: 113,152/195,125, 168.6 строк/с, осталось 8.1 мин
items: 113,664/195,125, 168.4 строк/с, осталось 8.1 мин
items: 114,176/195,125, 168.3 строк/с, осталось 8.0 мин
items: 114,688/195,125, 168.3 строк/с, осталось 8.0 мин
items: 115,200/195,125, 168.3 строк/с, осталось 7.9 мин
items: 115,712/195,125, 168.3 строк/с, осталось 7.9 мин
items: 116,224/195,125, 168.2 строк/с, осталось 7.8 мин
items: 116,736/195,125, 168.2 строк/с, осталось 7.8 мин
items: 117,248/195,125, 168.2 строк/с, осталось 7.7 мин
items: 117,760/195,125, 168.2 строк/с, осталось 7.7 мин
items: 118,272/195,125, 168.2 строк/с, осталось 7.6 мин
items: 118,784/195,125, 168.2 строк/с, осталось 7.6 мин
items: 119,296/195,125, 168.2 строк/с, осталось 7.5 мин
items: 119,808/195,125, 168.2 строк/с, осталось 7.5 мин
items: 120,320/195,125, 168.2 строк/с, осталось 7.4 мин
items: 120,832/195,125, 168.2 строк/с, осталось 7.4 мин
items: 121,344/195,125, 168.3 строк/с, осталось 7.3 мин
items: 121,856/195,125, 168.3 строк/с, осталось 7.3 мин
items: 122,368/195,125, 168.3 строк/с, осталось 7.2 мин
items: 122,880/195,125, 168.3 строк/с, осталось 7.2 мин
items: 123,392/195,125, 168.3 строк/с, осталось 7.1 мин
items: 123,904/195,125, 168.3 строк/с, осталось 7.1 мин
items: 124,416/195,125, 168.3 строк/с, осталось 7.0 мин
items: 124,928/195,125, 168.3 строк/с, осталось 7.0 мин
items: 125,440/195,125, 168.3 строк/с, осталось 6.9 мин
items: 125,952/195,125, 168.3 строк/с, осталось 6.9 мин
items: 126,464/195,125, 168.3 строк/с, осталось 6.8 мин
items: 126,976/195,125, 168.3 строк/с, осталось 6.7 мин
items: 127,488/195,125, 168.3 строк/с, осталось 6.7 мин
items: 128,000/195,125, 168.2 строк/с, осталось 6.7 мин
items: 128,512/195,125, 168.2 строк/с, осталось 6.6 мин
items: 129,024/195,125, 168.2 строк/с, осталось 6.6 мин
items: 129,536/195,125, 168.2 строк/с, осталось 6.5 мин
items: 130,048/195,125, 168.2 строк/с, осталось 6.4 мин
items: 130,560/195,125, 168.2 строк/с, осталось 6.4 мин
items: 131,072/195,125, 168.2 строк/с, осталось 6.3 мин
items: 131,584/195,125, 168.1 строк/с, осталось 6.3 мин
items: 132,096/195,125, 168.1 строк/с, осталось 6.2 мин
items: 132,608/195,125, 168.1 строк/с, осталось 6.2 мин
items: 133,120/195,125, 168.1 строк/с, осталось 6.1 мин
items: 133,632/195,125, 168.1 строк/с, осталось 6.1 мин
items: 134,144/195,125, 168.1 строк/с, осталось 6.0 мин
items: 134,656/195,125, 168.1 строк/с, осталось 6.0 мин
items: 135,168/195,125, 168.1 строк/с, осталось 5.9 мин
items: 135,680/195,125, 168.1 строк/с, осталось 5.9 мин
items: 136,192/195,125, 168.1 строк/с, осталось 5.8 мин
items: 136,704/195,125, 168.1 строк/с, осталось 5.8 мин
items: 137,216/195,125, 168.2 строк/с, осталось 5.7 мин
items: 137,728/195,125, 168.2 строк/с, осталось 5.7 мин
items: 138,240/195,125, 168.3 строк/с, осталось 5.6 мин
items: 138,752/195,125, 168.3 строк/с, осталось 5.6 мин
items: 139,264/195,125, 168.4 строк/с, осталось 5.5 мин
items: 139,776/195,125, 168.4 строк/с, осталось 5.5 мин
items: 140,288/195,125, 168.4 строк/с, осталось 5.4 мин
items: 140,800/195,125, 168.5 строк/с, осталось 5.4 мин
items: 141,312/195,125, 168.5 строк/с, осталось 5.3 мин
items: 141,824/195,125, 168.5 строк/с, осталось 5.3 мин
items: 142,336/195,125, 168.5 строк/с, осталось 5.2 мин
items: 142,848/195,125, 168.5 строк/с, осталось 5.2 мин
items: 143,360/195,125, 168.5 строк/с, осталось 5.1 мин
items: 143,872/195,125, 168.3 строк/с, осталось 5.1 мин
items: 144,384/195,125, 168.2 строк/с, осталось 5.0 мин
items: 144,896/195,125, 167.5 строк/с, осталось 5.0 мин
items: 145,408/195,125, 167.1 строк/с, осталось 5.0 мин
items: 145,920/195,125, 167.0 строк/с, осталось 4.9 мин
items: 146,432/195,125, 167.0 строк/с, осталось 4.9 мин
items: 146,944/195,125, 166.9 строк/с, осталось 4.8 мин
items: 147,456/195,125, 166.8 строк/с, осталось 4.8 мин
items: 147,968/195,125, 166.7 строк/с, осталось 4.7 мин
items: 148,480/195,125, 166.6 строк/с, осталось 4.7 мин
items: 148,992/195,125, 166.5 строк/с, осталось 4.6 мин
items: 149,504/195,125, 166.4 строк/с, осталось 4.6 мин
items: 150,016/195,125, 166.3 строк/с, осталось 4.5 мин
items: 150,528/195,125, 166.3 строк/с, осталось 4.5 мин
items: 151,040/195,125, 166.2 строк/с, осталось 4.4 мин
items: 151,552/195,125, 166.1 строк/с, осталось 4.4 мин
items: 152,064/195,125, 166.1 строк/с, осталось 4.3 мин
items: 152,576/195,125, 166.0 строк/с, осталось 4.3 мин
items: 153,088/195,125, 165.9 строк/с, осталось 4.2 мин
items: 153,600/195,125, 165.9 строк/с, осталось 4.2 мин
items: 154,112/195,125, 165.8 строк/с, осталось 4.1 мин
items: 154,624/195,125, 165.7 строк/с, осталось 4.1 мин
items: 155,136/195,125, 165.7 строк/с, осталось 4.0 мин
items: 155,648/195,125, 165.6 строк/с, осталось 4.0 мин
items: 156,160/195,125, 165.5 строк/с, осталось 3.9 мин
items: 156,672/195,125, 165.4 строк/с, осталось 3.9 мин
items: 157,184/195,125, 165.3 строк/с, осталось 3.8 мин
items: 157,696/195,125, 165.3 строк/с, осталось 3.8 мин
items: 158,208/195,125, 165.2 строк/с, осталось 3.7 мин
items: 158,720/195,125, 165.1 строк/с, осталось 3.7 мин
items: 159,232/195,125, 165.1 строк/с, осталось 3.6 мин
items: 159,744/195,125, 165.0 строк/с, осталось 3.6 мин
items: 160,256/195,125, 165.0 строк/с, осталось 3.5 мин
items: 160,768/195,125, 164.9 строк/с, осталось 3.5 мин
items: 161,280/195,125, 164.9 строк/с, осталось 3.4 мин
items: 161,792/195,125, 164.8 строк/с, осталось 3.4 мин
items: 162,304/195,125, 164.7 строк/с, осталось 3.3 мин
items: 162,816/195,125, 164.7 строк/с, осталось 3.3 мин
items: 163,328/195,125, 164.6 строк/с, осталось 3.2 мин
items: 163,840/195,125, 164.6 строк/с, осталось 3.2 мин
items: 164,352/195,125, 164.5 строк/с, осталось 3.1 мин
items: 164,864/195,125, 164.5 строк/с, осталось 3.1 мин
items: 165,376/195,125, 164.4 строк/с, осталось 3.0 мин
items: 165,888/195,125, 164.4 строк/с, осталось 3.0 мин
items: 166,400/195,125, 164.3 строк/с, осталось 2.9 мин
items: 166,912/195,125, 164.3 строк/с, осталось 2.9 мин
items: 167,424/195,125, 164.2 строк/с, осталось 2.8 мин
items: 167,936/195,125, 164.2 строк/с, осталось 2.8 мин
items: 168,448/195,125, 164.1 строк/с, осталось 2.7 мин
items: 168,960/195,125, 164.1 строк/с, осталось 2.7 мин
items: 169,472/195,125, 164.1 строк/с, осталось 2.6 мин
items: 169,984/195,125, 164.0 строк/с, осталось 2.6 мин
items: 170,496/195,125, 164.0 строк/с, осталось 2.5 мин
items: 171,008/195,125, 163.9 строк/с, осталось 2.5 мин
items: 171,520/195,125, 163.9 строк/с, осталось 2.4 мин
items: 172,032/195,125, 163.8 строк/с, осталось 2.3 мин
items: 172,544/195,125, 163.8 строк/с, осталось 2.3 мин
items: 173,056/195,125, 163.8 строк/с, осталось 2.2 мин
items: 173,568/195,125, 163.8 строк/с, осталось 2.2 мин
items: 174,080/195,125, 163.8 строк/с, осталось 2.1 мин
items: 174,592/195,125, 163.9 строк/с, осталось 2.1 мин
items: 175,104/195,125, 163.9 строк/с, осталось 2.0 мин
items: 175,616/195,125, 164.0 строк/с, осталось 2.0 мин
items: 176,128/195,125, 164.0 строк/с, осталось 1.9 мин
items: 176,640/195,125, 164.1 строк/с, осталось 1.9 мин
items: 177,152/195,125, 164.2 строк/с, осталось 1.8 мин
items: 177,664/195,125, 164.2 строк/с, осталось 1.8 мин
items: 178,176/195,125, 164.3 строк/с, осталось 1.7 мин
items: 178,688/195,125, 164.3 строк/с, осталось 1.7 мин
items: 179,200/195,125, 164.4 строк/с, осталось 1.6 мин
items: 179,712/195,125, 164.4 строк/с, осталось 1.6 мин
items: 180,224/195,125, 164.5 строк/с, осталось 1.5 мин
items: 180,736/195,125, 164.5 строк/с, осталось 1.5 мин
items: 181,248/195,125, 164.6 строк/с, осталось 1.4 мин
items: 181,760/195,125, 164.6 строк/с, осталось 1.4 мин
items: 182,272/195,125, 164.7 строк/с, осталось 1.3 мин
items: 182,784/195,125, 164.7 строк/с, осталось 1.2 мин
items: 183,296/195,125, 164.8 строк/с, осталось 1.2 мин
items: 183,808/195,125, 164.8 строк/с, осталось 1.1 мин
items: 184,320/195,125, 164.9 строк/с, осталось 1.1 мин
items: 184,832/195,125, 164.9 строк/с, осталось 1.0 мин
items: 185,344/195,125, 165.0 строк/с, осталось 1.0 мин
items: 185,856/195,125, 165.0 строк/с, осталось 0.9 мин
items: 186,368/195,125, 165.0 строк/с, осталось 0.9 мин
items: 186,880/195,125, 165.1 строк/с, осталось 0.8 мин
items: 187,392/195,125, 165.1 строк/с, осталось 0.8 мин
items: 187,904/195,125, 165.2 строк/с, осталось 0.7 мин
items: 188,416/195,125, 165.2 строк/с, осталось 0.7 мин
items: 188,928/195,125, 165.2 строк/с, осталось 0.6 мин
items: 189,440/195,125, 165.3 строк/с, осталось 0.6 мин
items: 189,952/195,125, 165.3 строк/с, осталось 0.5 мин
items: 190,464/195,125, 165.3 строк/с, осталось 0.5 мин
items: 190,976/195,125, 165.4 строк/с, осталось 0.4 мин
items: 191,488/195,125, 165.4 строк/с, осталось 0.4 мин
items: 192,000/195,125, 165.5 строк/с, осталось 0.3 мин
items: 192,512/195,125, 165.5 строк/с, осталось 0.3 мин
items: 193,024/195,125, 165.5 строк/с, осталось 0.2 мин
items: 193,536/195,125, 165.5 строк/с, осталось 0.2 мин
items: 194,048/195,125, 165.6 строк/с, осталось 0.1 мин
items: 194,560/195,125, 165.6 строк/с, осталось 0.1 мин
items: 195,072/195,125, 165.6 строк/с, осталось 0.0 мин
items: 195,125/195,125, 165.6 строк/с, осталось 0.0 мин
{'name': 'items', 'complete': True, 'rows': 195125, 'seconds': 1178.2084869999671}
queries: 512/6,000, 732.5 строк/с, осталось 0.1 мин
queries: 1,024/6,000, 828.9 строк/с, осталось 0.1 мин
queries: 1,536/6,000, 928.0 строк/с, осталось 0.1 мин
queries: 2,048/6,000, 990.6 строк/с, осталось 0.1 мин
queries: 2,560/6,000, 1067.1 строк/с, осталось 0.1 мин
queries: 3,072/6,000, 1106.8 строк/с, осталось 0.0 мин
queries: 3,584/6,000, 1159.0 строк/с, осталось 0.0 мин
queries: 4,096/6,000, 1200.5 строк/с, осталось 0.0 мин
queries: 4,608/6,000, 1231.0 строк/с, осталось 0.0 мин
queries: 5,120/6,000, 1242.1 строк/с, осталось 0.0 мин
queries: 5,632/6,000, 1263.6 строк/с, осталось 0.0 мин
queries: 6,000/6,000, 1243.6 строк/с, осталось 0.0 мин
{'name': 'eval_queries', 'complete': True, 'rows': 6000, 'seconds': 4.824816333013587}
queries: 512/2,452, 1565.3 строк/с, осталось 0.0 мин
queries: 1,024/2,452, 1663.7 строк/с, осталось 0.0 мин
queries: 1,536/2,452, 1520.0 строк/с, осталось 0.0 мин
queries: 2,048/2,452, 1411.0 строк/с, осталось 0.0 мин
queries: 2,452/2,452, 1316.7 строк/с, осталось 0.0 мин
{'name': 'benchmark_queries', 'complete': True, 'rows': 2452, 'seconds': 1.8622900419868529}
