Loading weights:   0%|          | 0/199 [00:00<?, ?it/s]Loading weights: 100%|██████████| 199/199 [00:00<00:00, 19697.14it/s]
queries: 512/6,000, 1048.4 строк/с, осталось 0.1 мин
queries: 1,024/6,000, 1545.4 строк/с, осталось 0.1 мин
queries: 1,536/6,000, 1913.8 строк/с, осталось 0.0 мин
queries: 2,048/6,000, 2092.6 строк/с, осталось 0.0 мин
queries: 2,560/6,000, 2226.3 строк/с, осталось 0.0 мин
queries: 3,072/6,000, 2326.2 строк/с, осталось 0.0 мин
queries: 3,584/6,000, 2196.0 строк/с, осталось 0.0 мин
queries: 4,096/6,000, 2286.6 строк/с, осталось 0.0 мин
queries: 4,608/6,000, 2360.7 строк/с, осталось 0.0 мин
queries: 5,120/6,000, 2421.3 строк/с, осталось 0.0 мин
queries: 5,632/6,000, 2469.3 строк/с, осталось 0.0 мин
queries: 6,000/6,000, 2454.9 строк/с, осталось 0.0 мин
{'name': 'eval_queries_plain', 'complete': True, 'rows': 6000, 'seconds': 2.444123374996707}
queries: 512/2,452, 2868.1 строк/с, осталось 0.0 мин
queries: 1,024/2,452, 2892.7 строк/с, осталось 0.0 мин
queries: 1,536/2,452, 2882.8 строк/с, осталось 0.0 мин
queries: 2,048/2,452, 2895.6 строк/с, осталось 0.0 мин
queries: 2,452/2,452, 2635.1 строк/с, осталось 0.0 мин
{'name': 'benchmark_queries_plain', 'complete': True, 'rows': 2452, 'seconds': 0.930521750007756}
