/Users/runner/work/crossbow/crossbow/arrow/cpp/src/arrow/util/cpu_info.cc:239: IOError: sysctlbyname failed for 'hw.l1dcachesize'. Detail: [errno 1] Operation not permitted
/Users/runner/work/crossbow/crossbow/arrow/cpp/src/arrow/util/cpu_info.cc:239: IOError: sysctlbyname failed for 'hw.l2cachesize'. Detail: [errno 1] Operation not permitted
/Users/runner/work/crossbow/crossbow/arrow/cpp/src/arrow/util/cpu_info.cc:239: IOError: sysctlbyname failed for 'hw.l3cachesize'. Detail: [errno 1] Operation not permitted
/Users/runner/work/crossbow/crossbow/arrow/cpp/src/arrow/util/cpu_info.cc:239: IOError: sysctlbyname failed for 'hw.optional.neon'. Detail: [errno 1] Operation not permitted
Обучаем статистики запросов и географии
Загружаем текстовый индекс
Собираем кандидатов и признаки
16/6000 запросов, 18,355 кандидатов, 1.1с
160/6000 запросов, 177,451 кандидатов, 8.0с
320/6000 запросов, 357,723 кандидатов, 14.1с
480/6000 запросов, 537,238 кандидатов, 20.3с
640/6000 запросов, 715,692 кандидатов, 26.5с
800/6000 запросов, 896,254 кандидатов, 35.0с
960/6000 запросов, 1,078,298 кандидатов, 41.3с
1120/6000 запросов, 1,258,738 кандидатов, 48.1с
1280/6000 запросов, 1,438,091 кандидатов, 54.9с
1440/6000 запросов, 1,616,298 кандидатов, 63.5с
1600/6000 запросов, 1,798,156 кандидатов, 70.8с
1760/6000 запросов, 1,981,012 кандидатов, 77.4с
1920/6000 запросов, 2,157,629 кандидатов, 83.9с
2080/6000 запросов, 2,339,142 кандидатов, 91.6с
2240/6000 запросов, 2,515,264 кандидатов, 99.0с
2400/6000 запросов, 2,694,417 кандидатов, 105.3с
2560/6000 запросов, 2,876,664 кандидатов, 111.9с
2720/6000 запросов, 3,057,180 кандидатов, 118.3с
2880/6000 запросов, 3,237,593 кандидатов, 124.6с
3040/6000 запросов, 3,416,913 кандидатов, 130.5с
3200/6000 запросов, 3,593,672 кандидатов, 136.5с
3360/6000 запросов, 3,775,985 кандидатов, 142.5с
3520/6000 запросов, 3,952,472 кандидатов, 149.5с
3680/6000 запросов, 4,132,724 кандидатов, 155.6с
3840/6000 запросов, 4,311,696 кандидатов, 161.7с
4000/6000 запросов, 4,491,863 кандидатов, 167.9с
4160/6000 запросов, 4,673,310 кандидатов, 174.0с
4320/6000 запросов, 4,853,362 кандидатов, 180.1с
4480/6000 запросов, 5,031,159 кандидатов, 186.3с
4640/6000 запросов, 5,212,667 кандидатов, 192.2с
4800/6000 запросов, 5,394,061 кандидатов, 198.0с
4960/6000 запросов, 5,572,015 кандидатов, 203.6с
5120/6000 запросов, 5,753,018 кандидатов, 209.6с
5280/6000 запросов, 5,934,466 кандидатов, 215.8с
5440/6000 запросов, 6,110,705 кандидатов, 221.8с
5600/6000 запросов, 6,290,605 кандидатов, 227.6с
5760/6000 запросов, 6,471,169 кандидатов, 233.3с
5920/6000 запросов, 6,648,457 кандидатов, 238.8с
