/Users/runner/work/crossbow/crossbow/arrow/cpp/src/arrow/util/cpu_info.cc:239: IOError: sysctlbyname failed for 'hw.l1dcachesize'. Detail: [errno 1] Operation not permitted
/Users/runner/work/crossbow/crossbow/arrow/cpp/src/arrow/util/cpu_info.cc:239: IOError: sysctlbyname failed for 'hw.l2cachesize'. Detail: [errno 1] Operation not permitted
/Users/runner/work/crossbow/crossbow/arrow/cpp/src/arrow/util/cpu_info.cc:239: IOError: sysctlbyname failed for 'hw.l3cachesize'. Detail: [errno 1] Operation not permitted
/Users/runner/work/crossbow/crossbow/arrow/cpp/src/arrow/util/cpu_info.cc:239: IOError: sysctlbyname failed for 'hw.optional.neon'. Detail: [errno 1] Operation not permitted
Загружаем текстовый индекс
Собираем кандидатов и признаки
16/6000 запросов, 8,762 кандидатов, 1.0с
160/6000 запросов, 86,845 кандидатов, 7.1с
320/6000 запросов, 174,121 кандидатов, 12.0с
480/6000 запросов, 262,694 кандидатов, 17.1с
640/6000 запросов, 348,409 кандидатов, 22.8с
800/6000 запросов, 435,089 кандидатов, 27.3с
960/6000 запросов, 523,654 кандидатов, 31.7с
1120/6000 запросов, 610,192 кандидатов, 36.9с
1280/6000 запросов, 698,062 кандидатов, 41.8с
1440/6000 запросов, 785,001 кандидатов, 46.0с
1600/6000 запросов, 873,130 кандидатов, 50.2с
1760/6000 запросов, 961,638 кандидатов, 54.4с
1920/6000 запросов, 1,047,457 кандидатов, 59.4с
2080/6000 запросов, 1,135,232 кандидатов, 64.1с
2240/6000 запросов, 1,221,112 кандидатов, 68.7с
2400/6000 запросов, 1,308,479 кандидатов, 74.1с
2560/6000 запросов, 1,397,818 кандидатов, 79.8с
2720/6000 запросов, 1,485,753 кандидатов, 85.5с
2880/6000 запросов, 1,573,514 кандидатов, 90.8с
3040/6000 запросов, 1,661,709 кандидатов, 97.2с
3200/6000 запросов, 1,747,682 кандидатов, 102.7с
3360/6000 запросов, 1,836,082 кандидатов, 109.5с
3520/6000 запросов, 1,923,495 кандидатов, 115.7с
3680/6000 запросов, 2,012,083 кандидатов, 122.2с
3840/6000 запросов, 2,099,172 кандидатов, 130.5с
4000/6000 запросов, 2,187,455 кандидатов, 137.3с
4160/6000 запросов, 2,272,945 кандидатов, 142.5с
4320/6000 запросов, 2,359,738 кандидатов, 147.5с
4480/6000 запросов, 2,445,751 кандидатов, 153.3с
4640/6000 запросов, 2,533,455 кандидатов, 158.9с
4800/6000 запросов, 2,623,695 кандидатов, 163.7с
4960/6000 запросов, 2,709,397 кандидатов, 168.6с
5120/6000 запросов, 2,798,569 кандидатов, 173.7с
5280/6000 запросов, 2,888,377 кандидатов, 179.9с
5440/6000 запросов, 2,974,672 кандидатов, 185.1с
5600/6000 запросов, 3,062,880 кандидатов, 189.9с
5760/6000 запросов, 3,150,487 кандидатов, 194.9с
5920/6000 запросов, 3,236,583 кандидатов, 199.7с
