/Users/runner/work/crossbow/crossbow/arrow/cpp/src/arrow/util/cpu_info.cc:239: IOError: sysctlbyname failed for 'hw.l1dcachesize'. Detail: [errno 1] Operation not permitted
/Users/runner/work/crossbow/crossbow/arrow/cpp/src/arrow/util/cpu_info.cc:239: IOError: sysctlbyname failed for 'hw.l2cachesize'. Detail: [errno 1] Operation not permitted
/Users/runner/work/crossbow/crossbow/arrow/cpp/src/arrow/util/cpu_info.cc:239: IOError: sysctlbyname failed for 'hw.l3cachesize'. Detail: [errno 1] Operation not permitted
/Users/runner/work/crossbow/crossbow/arrow/cpp/src/arrow/util/cpu_info.cc:239: IOError: sysctlbyname failed for 'hw.optional.neon'. Detail: [errno 1] Operation not permitted
{"fit_rows": 3372909, "dev_rows": 1681611, "features": 57}
0:	learn: 0.4476755	total: 549ms	remaining: 9m 8s
100:	learn: 0.0029135	total: 38.4s	remaining: 5m 41s
200:	learn: 0.0027248	total: 1m 15s	remaining: 4m 59s
300:	learn: 0.0025807	total: 1m 51s	remaining: 4m 19s
400:	learn: 0.0024562	total: 2m 27s	remaining: 3m 40s
500:	learn: 0.0023521	total: 3m 2s	remaining: 3m 2s
600:	learn: 0.0022535	total: 3m 38s	remaining: 2m 25s
700:	learn: 0.0021667	total: 4m 9s	remaining: 1m 46s
800:	learn: 0.0020881	total: 4m 36s	remaining: 1m 8s
900:	learn: 0.0020144	total: 5m 2s	remaining: 33.3s
999:	learn: 0.0019432	total: 5m 30s	remaining: 0us
{"iteration": 50, "dev_recall@50": 0.9308333333333333}
{"iteration": 100, "dev_recall@50": 0.9330555555555556}
{"iteration": 150, "dev_recall@50": 0.9357222222222223}
{"iteration": 200, "dev_recall@50": 0.9357222222222223}
{"iteration": 250, "dev_recall@50": 0.9379444444444444}
{"iteration": 300, "dev_recall@50": 0.9372777777777777}
{"iteration": 350, "dev_recall@50": 0.9381666666666667}
{"iteration": 400, "dev_recall@50": 0.9388333333333333}
{"iteration": 450, "dev_recall@50": 0.9365}
{"iteration": 500, "dev_recall@50": 0.9378333333333333}
{"iteration": 550, "dev_recall@50": 0.9385}
{"iteration": 600, "dev_recall@50": 0.9389444444444444}
{"iteration": 650, "dev_recall@50": 0.9386111111111111}
{"iteration": 700, "dev_recall@50": 0.9386111111111111}
{"iteration": 750, "dev_recall@50": 0.9389444444444444}
{"iteration": 800, "dev_recall@50": 0.9371666666666667}
{"iteration": 850, "dev_recall@50": 0.9385}
{"iteration": 900, "dev_recall@50": 0.9378333333333333}
{"iteration": 950, "dev_recall@50": 0.9385}
{"iteration": 1000, "dev_recall@50": 0.9391666666666667}
{
  "features": "artifacts/features_hybrid.parquet",
  "output": "artifacts/ranker_hybrid_no_history.cbm",
  "queries": "data/processed/eval_queries.parquet",
  "truth": "data/processed/eval_truth.parquet",
  "corpus": "data/processed/corpus.parquet",
  "loss": "Logloss",
  "iterations": 1000,
  "depth": 6,
  "learning_rate": 0.07,
  "checkpoint_period": 50,
  "threads": 3,
  "seed": 42,
  "drop_features": "category_match,popularity,memory_score,text_item_count,context_item_count,rank_memory,rank_geo_memory",
  "fit_splits": "fit",
  "fixed_iterations": false,
  "reference_queries": "data/raw/benchmark_queries.parquet",
  "fit_query_count": 3000,
  "dev_query_count": 1500,
  "dropped_features": [
    "category_match",
    "context_item_count",
    "memory_score",
    "popularity",
    "rank_geo_memory",
    "rank_memory",
    "text_item_count"
  ],
  "selected_iteration": 1000,
  "selected_dev_recall@50": 0.9391666666666667,
  "reference_empty_fraction": 0.6305057096247961,
  "seconds": 353.114
}
