Запуск: /opt/anaconda3/bin/python -u /Users/antany/Desktop/Career/avito contest/scripts/predict.py --features artifacts/features_benchmark.parquet --output /Users/antany/Desktop/Career/avito contest/answer_reproduced.csv --queries data/ids/benchmark_queries.parquet --corpus data/ids/corpus.parquet --allowed-items data/ids/benchmark_items.parquet --model artifacts/final_d6.cbm --model artifacts/final_no_history.cbm --weights 0.5 0.5
/Users/runner/work/crossbow/crossbow/arrow/cpp/src/arrow/util/cpu_info.cc:239: IOError: sysctlbyname failed for 'hw.l1dcachesize'. Detail: [errno 1] Operation not permitted
/Users/runner/work/crossbow/crossbow/arrow/cpp/src/arrow/util/cpu_info.cc:239: IOError: sysctlbyname failed for 'hw.l2cachesize'. Detail: [errno 1] Operation not permitted
/Users/runner/work/crossbow/crossbow/arrow/cpp/src/arrow/util/cpu_info.cc:239: IOError: sysctlbyname failed for 'hw.l3cachesize'. Detail: [errno 1] Operation not permitted
/Users/runner/work/crossbow/crossbow/arrow/cpp/src/arrow/util/cpu_info.cc:239: IOError: sysctlbyname failed for 'hw.optional.neon'. Detail: [errno 1] Operation not permitted
{
  "submission": {
    "rows": 2452,
    "empty_answers": 0,
    "candidates_total": 122600,
    "candidates_min": 50,
    "candidates_max": 50,
    "candidates_mean": 50.0,
    "max_candidates": 50
  },
  "output_path": "/Users/antany/Desktop/Career/avito contest/answer_reproduced.csv",
  "csv_sha256": "3ebda47a966aa2920fe9480cb3b4b1602ec91b63f207d89775d981d16995e3c6",
  "features_path": "artifacts/features_benchmark.parquet",
  "features_sha256": "470c3d4f4648320682bd7fabdd41fa6b3cc6164171857a16fed2a3d0baa6cf94",
  "models": [
    {
      "path": "artifacts/final_d6.cbm",
      "sha256": "38ac8ea96878f50103b1be75813316131ab352d1b77d3d98ded11133991c7b70",
      "weight": 0.5,
      "feature_names_sha256": "cdeeb78cd47de624cd4201705aa5331873524d6a471a6dd994c874afc1405322",
      "feature_count": 63,
      "trees": 700
    },
    {
      "path": "artifacts/final_no_history.cbm",
      "sha256": "a987e85b19fe82f1d10811db73299d17c9a3e53b1b188619d8241dadb2134919",
      "weight": 0.5,
      "feature_names_sha256": "d61d1ac25dab384e21f497b912a8be3f228e560513cc5458eb8c1ec28514ee31",
      "feature_count": 57,
      "trees": 1000
    }
  ],
  "combination": "within_query_zscore",
  "queries_sha256": "38e2617260fe26e82ab303eb3e378d219ce5a72e229af7138db924172b978a22",
  "allowed_items_sha256": "66851ee0cd44e64dba3d3c8d6d7c1def143693c18e4f94009d9d300ce3191cf2",
  "candidate_pool": {
    "rows": 2604640,
    "min": 588,
    "max": 1901,
    "mean": 1062.2512234910278,
    "queries_with_fewer_than_50": 0
  }
}
SHA256 ответа подтверждён: 3ebda47a966aa2920fe9480cb3b4b1602ec91b63f207d89775d981d16995e3c6
